[    0.000000] Linux version 4.15.0-54-generic (buildd@lgw01-amd64-014) (gcc version 7.4.0 (Ubuntu 7.4.0-1ubuntu1~18.04.1)) #58-Ubuntu SMP Mon Jun 24 10:55:24 UTC 2019 (Ubuntu 4.15.0-54.58-generic 4.15.18)
[    0.000000] Command line: BOOT_IMAGE=/boot/vmlinuz-4.15.0-54-generic root=LABEL=cloudimg-rootfs ro console=tty1 console=ttyS0
[    0.000000] KERNEL supported cpus:
[    0.000000]   Intel GenuineIntel
[    0.000000]   AMD AuthenticAMD
[    0.000000]   Centaur CentaurHauls
[    0.000000] x86/fpu: Supporting XSAVE feature 0x001: 'x87 floating point registers'
[    0.000000] x86/fpu: Supporting XSAVE feature 0x002: 'SSE registers'
[    0.000000] x86/fpu: Supporting XSAVE feature 0x004: 'AVX registers'
[    0.000000] x86/fpu: xstate_offset[2]:  576, xstate_sizes[2]:  256
[    0.000000] x86/fpu: Enabled xstate features 0x7, context size is 832 bytes, using 'standard' format.
[    0.000000] e820: BIOS-provided physical RAM map:
[    0.000000] BIOS-e820: [mem 0x0000000000000000-0x000000000009fbff] usable
[    0.000000] BIOS-e820: [mem 0x000000000009fc00-0x000000000009ffff] reserved
[    0.000000] BIOS-e820: [mem 0x00000000000f0000-0x00000000000fffff] reserved
[    0.000000] BIOS-e820: [mem 0x0000000000100000-0x000000005ffeffff] usable
[    0.000000] BIOS-e820: [mem 0x000000005fff0000-0x000000005fffffff] ACPI data
[    0.000000] BIOS-e820: [mem 0x00000000fec00000-0x00000000fec00fff] reserved
[    0.000000] BIOS-e820: [mem 0x00000000fee00000-0x00000000fee00fff] reserved
[    0.000000] BIOS-e820: [mem 0x00000000fffc0000-0x00000000ffffffff] reserved
[    0.000000] NX (Execute Disable) protection: active
[    0.000000] SMBIOS 2.5 present.
[    0.000000] DMI: innotek GmbH VirtualBox/VirtualBox, BIOS VirtualBox 12/01/2006
[    0.000000] Hypervisor detected: KVM
[    0.000000] e820: last_pfn = 0x5fff0 max_arch_pfn = 0x400000000
[    0.000000] MTRR: Disabled
[    0.000000] x86/PAT: MTRRs disabled, skipping PAT initialization too.
[    0.000000] CPU MTRRs all blank - virtualized system.
[    0.000000] x86/PAT: Configuration [0-7]: WB  WT  UC- UC  WB  WT  UC- UC  
[    0.000000] found SMP MP-table at [mem 0x0009fff0-0x0009ffff] mapped at [        (ptrval)]
[    0.000000] Scanning 1 areas for low memory corruption
[    0.000000] RAMDISK: [mem 0x35a93000-0x36d40fff]
[    0.000000] ACPI: Early table checksum verification disabled
[    0.000000] ACPI: RSDP 0x00000000000E0000 000024 (v02 VBOX  )
[    0.000000] ACPI: XSDT 0x000000005FFF0030 00003C (v01 VBOX   VBOXXSDT 00000001 ASL  00000061)
[    0.000000] ACPI: FACP 0x000000005FFF00F0 0000F4 (v04 VBOX   VBOXFACP 00000001 ASL  00000061)
[    0.000000] ACPI: DSDT 0x000000005FFF0470 0022EA (v02 VBOX   VBOXBIOS 00000002 INTL 20180105)
[    0.000000] ACPI: FACS 0x000000005FFF0200 000040
[    0.000000] ACPI: FACS 0x000000005FFF0200 000040
[    0.000000] ACPI: APIC 0x000000005FFF0240 00005C (v02 VBOX   VBOXAPIC 00000001 ASL  00000061)
[    0.000000] ACPI: SSDT 0x000000005FFF02A0 0001CC (v01 VBOX   VBOXCPUT 00000002 INTL 20180105)
[    0.000000] No NUMA configuration found
[    0.000000] Faking a node at [mem 0x0000000000000000-0x000000005ffeffff]
[    0.000000] NODE_DATA(0) allocated [mem 0x5ffc5000-0x5ffeffff]
[    0.000000] kvm-clock: cpu 0, msr 0:5ff44001, primary cpu clock
[    0.000000] kvm-clock: Using msrs 4b564d01 and 4b564d00
[    0.000000] kvm-clock: using sched offset of 3701962010 cycles
[    0.000000] clocksource: kvm-clock: mask: 0xffffffffffffffff max_cycles: 0x1cd42e4dffb, max_idle_ns: 881590591483 ns
[    0.000000] Zone ranges:
[    0.000000]   DMA      [mem 0x0000000000001000-0x0000000000ffffff]
[    0.000000]   DMA32    [mem 0x0000000001000000-0x000000005ffeffff]
[    0.000000]   Normal   empty
[    0.000000]   Device   empty
[    0.000000] Movable zone start for each node
[    0.000000] Early memory node ranges
[    0.000000]   node   0: [mem 0x0000000000001000-0x000000000009efff]
[    0.000000]   node   0: [mem 0x0000000000100000-0x000000005ffeffff]
[    0.000000] Reserved but unavailable: 114 pages
[    0.000000] Initmem setup node 0 [mem 0x0000000000001000-0x000000005ffeffff]
[    0.000000] ACPI: PM-Timer IO Port: 0x4008
[    0.000000] IOAPIC[0]: apic_id 2, version 32, address 0xfec00000, GSI 0-23
[    0.000000] ACPI: INT_SRC_OVR (bus 0 bus_irq 0 global_irq 2 dfl dfl)
[    0.000000] ACPI: INT_SRC_OVR (bus 0 bus_irq 9 global_irq 9 low level)
[    0.000000] Using ACPI (MADT) for SMP configuration information
[    0.000000] smpboot: Allowing 2 CPUs, 0 hotplug CPUs
[    0.000000] PM: Registered nosave memory: [mem 0x00000000-0x00000fff]
[    0.000000] PM: Registered nosave memory: [mem 0x0009f000-0x0009ffff]
[    0.000000] PM: Registered nosave memory: [mem 0x000a0000-0x000effff]
[    0.000000] PM: Registered nosave memory: [mem 0x000f0000-0x000fffff]
[    0.000000] e820: [mem 0x60000000-0xfebfffff] available for PCI devices
[    0.000000] Booting paravirtualized kernel on KVM
[    0.000000] clocksource: refined-jiffies: mask: 0xffffffff max_cycles: 0xffffffff, max_idle_ns: 7645519600211568 ns
[    0.000000] random: get_random_bytes called from start_kernel+0x99/0x4fd with crng_init=0
[    0.000000] setup_percpu: NR_CPUS:8192 nr_cpumask_bits:2 nr_cpu_ids:2 nr_node_ids:1
[    0.000000] percpu: Embedded 46 pages/cpu @        (ptrval) s151552 r8192 d28672 u1048576
[    0.000000] PV qspinlock hash table entries: 256 (order: 0, 4096 bytes)
[    0.000000] Built 1 zonelists, mobility grouping on.  Total pages: 386937
[    0.000000] Policy zone: DMA32
[    0.000000] Kernel command line: BOOT_IMAGE=/boot/vmlinuz-4.15.0-54-generic root=LABEL=cloudimg-rootfs ro console=tty1 console=ttyS0
[    0.000000] Memory: 1499552K/1572408K available (12300K kernel code, 2473K rwdata, 4272K rodata, 2408K init, 2416K bss, 72856K reserved, 0K cma-reserved)
[    0.000000] SLUB: HWalign=64, Order=0-3, MinObjects=0, CPUs=2, Nodes=1
[    0.000000] Kernel/User page tables isolation: enabled
[    0.000000] ftrace: allocating 39216 entries in 154 pages
[    0.004000] Hierarchical RCU implementation.
[    0.004000] 	RCU restricting CPUs from NR_CPUS=8192 to nr_cpu_ids=2.
[    0.004000] 	Tasks RCU enabled.
[    0.004000] RCU: Adjusting geometry for rcu_fanout_leaf=16, nr_cpu_ids=2
[    0.004000] NR_IRQS: 524544, nr_irqs: 440, preallocated irqs: 16
[    0.004000] Console: colour VGA+ 80x25
[    0.004000] console [tty1] enabled
[    0.004000] console [ttyS0] enabled
[    0.004000] ACPI: Core revision 20170831
[    0.004000] ACPI: 2 ACPI AML tables successfully acquired and loaded
[    0.004000] APIC: Switch to symmetric I/O mode setup
[    0.004000] x2apic enabled
[    0.004000] Switched APIC routing to physical x2apic.
[    0.004000] ..TIMER: vector=0x30 apic1=0 pin1=2 apic2=-1 pin2=-1
[    0.004006] tsc: Detected 2711.772 MHz processor
[    0.004794] Calibrating delay loop (skipped) preset value.. 5423.54 BogoMIPS (lpj=10847088)
[    0.005382] pid_max: default: 32768 minimum: 301
[    0.006082] Security Framework initialized
[    0.006666] Yama: becoming mindful.
[    0.008035] AppArmor: AppArmor initialized
[    0.009667] Dentry cache hash table entries: 262144 (order: 9, 2097152 bytes)
[    0.011380] Inode-cache hash table entries: 131072 (order: 8, 1048576 bytes)
[    0.012041] Mount-cache hash table entries: 4096 (order: 3, 32768 bytes)
[    0.012955] Mountpoint-cache hash table entries: 4096 (order: 3, 32768 bytes)
[    0.014128] mce: CPU supports 0 MCE banks
[    0.014722] Last level iTLB entries: 4KB 64, 2MB 8, 4MB 8
[    0.016002] Last level dTLB entries: 4KB 64, 2MB 0, 4MB 0, 1GB 4
[    0.016824] Spectre V2 : Mitigation: Full generic retpoline
[    0.017580] Spectre V2 : Spectre v2 / SpectreRSB mitigation: Filling RSB on context switch
[    0.018715] Speculative Store Bypass: Vulnerable
[    0.019624] MDS: Mitigation: Clear CPU buffers
[    0.020125] Freeing SMP alternatives memory: 36K
[    0.024000] smpboot: CPU0: Intel(R) Core(TM) i5-7200U CPU @ 2.50GHz (family: 0x6, model: 0x8e, stepping: 0x9)
[    0.024000] Performance Events: unsupported p6 CPU model 142 no PMU driver, software events only.
[    0.024000] Hierarchical SRCU implementation.
[    0.024072] NMI watchdog: Perf event create on CPU 0 failed with -2
[    0.024947] NMI watchdog: Perf NMI watchdog permanently disabled
[    0.025852] smp: Bringing up secondary CPUs ...
[    0.026725] x86: Booting SMP configuration:
[    0.027346] .... node  #0, CPUs:      #1
[    0.004000] kvm-clock: cpu 1, msr 0:5ff44041, secondary cpu clock
[    0.004000] mce: CPU supports 0 MCE banks
[    0.032029] smp: Brought up 1 node, 2 CPUs
[    0.032676] smpboot: Max logical packages: 1
[    0.033426] smpboot: Total of 2 processors activated (10847.08 BogoMIPS)
[    0.034708] devtmpfs: initialized
[    0.034708] x86/mm: Memory block size: 128MB
[    0.036179] evm: security.selinux
[    0.036777] evm: security.SMACK64
[    0.037384] evm: security.SMACK64EXEC
[    0.038027] evm: security.SMACK64TRANSMUTE
[    0.038730] evm: security.SMACK64MMAP
[    0.039370] evm: security.apparmor
[    0.040005] evm: security.ima
[    0.040558] evm: security.capability
[    0.041257] clocksource: jiffies: mask: 0xffffffff max_cycles: 0xffffffff, max_idle_ns: 7645041785100000 ns
[    0.041628] futex hash table entries: 512 (order: 3, 32768 bytes)
[    0.044070] pinctrl core: initialized pinctrl subsystem
[    0.045084] RTC time: 20:32:32, date: 07/06/19
[    0.045884] NET: Registered protocol family 16
[    0.046602] audit: initializing netlink subsys (disabled)
[    0.048051] audit: type=2000 audit(1562445156.647:1): state=initialized audit_enabled=0 res=1
[    0.049806] cpuidle: using governor ladder
[    0.049806] cpuidle: using governor menu
[    0.049806] ACPI: bus type PCI registered
[    0.049843] acpiphp: ACPI Hot Plug PCI Controller Driver version: 0.5
[    0.052101] PCI: Using configuration type 1 for base access
[    0.053037] HugeTLB registered 2.00 MiB page size, pre-allocated 0 pages
[    0.056106] ACPI: Added _OSI(Module Device)
[    0.056914] ACPI: Added _OSI(Processor Device)
[    0.057721] ACPI: Added _OSI(3.0 _SCP Extensions)
[    0.058413] ACPI: Added _OSI(Processor Aggregator Device)
[    0.060005] ACPI: Added _OSI(Linux-Dell-Video)
[    0.060649] ACPI: Added _OSI(Linux-Lenovo-NV-HDMI-Audio)
[    0.061393] ACPI: Added _OSI(Linux-HPI-Hybrid-Graphics)
[    0.062417] ACPI: Executed 1 blocks of module-level executable AML code
[    0.067106] ACPI: Interpreter enabled
[    0.067734] ACPI: (supports S0 S5)
[    0.068004] ACPI: Using IOAPIC for interrupt routing
[    0.068966] PCI: Using host bridge windows from ACPI; if necessary, use "pci=nocrs" and report a bug
[    0.070408] ACPI: Enabled 2 GPEs in block 00 to 07
[    0.076856] ACPI: PCI Root Bridge [PCI0] (domain 0000 [bus 00-ff])
[    0.077868] acpi PNP0A03:00: _OSC: OS supports [ASPM ClockPM Segments MSI]
[    0.079865] acpi PNP0A03:00: _OSC: not requesting OS control; OS requires [ExtendedConfig ASPM ClockPM MSI]
[    0.080018] acpi PNP0A03:00: fail to add MMCONFIG information, can't access extended PCI configuration space under this bridge.
[    0.081880] PCI host bridge to bus 0000:00
[    0.082498] pci_bus 0000:00: root bus resource [io  0x0000-0x0cf7 window]
[    0.084004] pci_bus 0000:00: root bus resource [io  0x0d00-0xffff window]
[    0.084965] pci_bus 0000:00: root bus resource [mem 0x000a0000-0x000bffff window]
[    0.086015] pci_bus 0000:00: root bus resource [mem 0x60000000-0xfdffffff window]
[    0.087052] pci_bus 0000:00: root bus resource [bus 00-ff]
[    0.089609] pci 0000:00:01.1: legacy IDE quirk: reg 0x10: [io  0x01f0-0x01f7]
[    0.090616] pci 0000:00:01.1: legacy IDE quirk: reg 0x14: [io  0x03f6]
[    0.092005] pci 0000:00:01.1: legacy IDE quirk: reg 0x18: [io  0x0170-0x0177]
[    0.093614] pci 0000:00:01.1: legacy IDE quirk: reg 0x1c: [io  0x0376]
[    0.119243] pci 0000:00:07.0: quirk: [io  0x4000-0x403f] claimed by PIIX4 ACPI
[    0.120016] pci 0000:00:07.0: quirk: [io  0x4100-0x410f] claimed by PIIX4 SMB
[    0.130479] ACPI: PCI Interrupt Link [LNKA] (IRQs 5 9 10 *11)
[    0.131616] ACPI: PCI Interrupt Link [LNKB] (IRQs 5 9 *10 11)
[    0.132131] ACPI: PCI Interrupt Link [LNKC] (IRQs 5 *9 10 11)
[    0.133284] ACPI: PCI Interrupt Link [LNKD] (IRQs 5 9 10 *11)
[    0.134650] SCSI subsystem initialized
[    0.136026] pci 0000:00:02.0: vgaarb: setting as boot VGA device
[    0.136879] pci 0000:00:02.0: vgaarb: VGA device added: decodes=io+mem,owns=io+mem,locks=none
[    0.138058] pci 0000:00:02.0: vgaarb: bridge control possible
[    0.138840] vgaarb: loaded
[    0.139297] ACPI: bus type USB registered
[    0.140037] usbcore: registered new interface driver usbfs
[    0.140834] usbcore: registered new interface driver hub
[    0.141632] usbcore: registered new device driver usb
[    0.142409] EDAC MC: Ver: 3.0.0
[    0.142409] PCI: Using ACPI for IRQ routing
[    0.144154] NetLabel: Initializing
[    0.144669] NetLabel:  domain hash size = 128
[    0.145294] NetLabel:  protocols = UNLABELED CIPSOv4 CALIPSO
[    0.146086] NetLabel:  unlabeled traffic allowed by default
[    0.146906] clocksource: Switched to clocksource kvm-clock
[    0.154670] VFS: Disk quotas dquot_6.6.0
[    0.155579] VFS: Dquot-cache hash table entries: 512 (order 0, 4096 bytes)
[    0.156976] AppArmor: AppArmor Filesystem Enabled
[    0.157910] pnp: PnP ACPI init
[    0.159979] pnp: PnP ACPI: found 3 devices
[    0.168828] clocksource: acpi_pm: mask: 0xffffff max_cycles: 0xffffff, max_idle_ns: 2085701024 ns
[    0.170561] NET: Registered protocol family 2
[    0.171716] TCP established hash table entries: 16384 (order: 5, 131072 bytes)
[    0.173178] TCP bind hash table entries: 16384 (order: 6, 262144 bytes)
[    0.175006] TCP: Hash tables configured (established 16384 bind 16384)
[    0.176295] UDP hash table entries: 1024 (order: 3, 32768 bytes)
[    0.177447] UDP-Lite hash table entries: 1024 (order: 3, 32768 bytes)
[    0.178489] NET: Registered protocol family 1
[    0.179116] pci 0000:00:00.0: Limiting direct PCI/PCI transfers
[    0.179932] pci 0000:00:01.0: Activating ISA DMA hang workarounds
[    0.180822] pci 0000:00:02.0: Video device with shadowed ROM at [mem 0x000c0000-0x000dffff]
[    0.182044] Unpacking initramfs...
[    0.432829] Freeing initrd memory: 19128K
[    0.433823] clocksource: tsc: mask: 0xffffffffffffffff max_cycles: 0x2716af4d692, max_idle_ns: 440795344924 ns
[    0.435686] platform rtc_cmos: registered platform RTC device (no PNP device found)
[    0.437222] Scanning for low memory corruption every 60 seconds
[    0.438998] Initialise system trusted keyrings
[    0.439863] Key type blacklist registered
[    0.440761] workingset: timestamp_bits=36 max_order=19 bucket_order=0
[    0.443013] zbud: loaded
[    0.444217] squashfs: version 4.0 (2009/01/31) Phillip Lougher
[    0.445524] fuse init (API version 7.26)
[    0.447928] Key type asymmetric registered
[    0.448784] Asymmetric key parser 'x509' registered
[    0.449793] Block layer SCSI generic (bsg) driver version 0.4 loaded (major 246)
[    0.451294] io scheduler noop registered
[    0.452076] io scheduler deadline registered
[    0.452946] io scheduler cfq registered (default)
[    0.454179] ACPI: AC Adapter [AC] (on-line)
[    0.455062] input: Power Button as /devices/LNXSYSTM:00/LNXPWRBN:00/input/input0
[    0.456532] ACPI: Power Button [PWRF]
[    0.457366] input: Sleep Button as /devices/LNXSYSTM:00/LNXSLPBN:00/input/input1
[    0.458777] ACPI: Sleep Button [SLPF]
[    0.460146] Serial: 8250/16550 driver, 32 ports, IRQ sharing enabled
[    0.460814] ACPI: Battery Slot [BAT0] (battery present)
[    0.483071] 00:02: ttyS0 at I/O 0x3f8 (irq  4, base_baud = 115200) is a 16550A
    0.487502] Linux agpgart interface v0.03
[    0.490656] loop: module loaded
[    0.492215] scsi host0: ata_piix
[    0.493116] scsi host1: ata_piix
[    0.493832] ata1: PATA max UDMA/33 cmd 0x1f0 ctl 0x3f6 bmdma 0xd000 irq 14
[    0.495114] ata2: PATA max UDMA/33 cmd 0x170 ctl 0x376 bmdma 0xd008 irq 15
[    0.496550] libphy: Fixed MDIO Bus: probed
[    0.497618] tun: Universal TUN/TAP device driver, 1.6
[    0.499458] PPP generic driver version 2.4.2
[    0.500657] ehci_hcd: USB 2.0 'Enhanced' Host Controller (EHCI) Driver
[    0.501862] ehci-pci: EHCI PCI platform driver
[    0.502769] ehci-platform: EHCI generic platform driver
[    0.503909] ohci_hcd: USB 1.1 'Open' Host Controller (OHCI) Driver
[    0.505118] ohci-pci: OHCI PCI platform driver
[    0.506009] ohci-platform: OHCI generic platform driver
[    0.507020] uhci_hcd: USB Universal Host Controller Interface driver
[    0.508433] i8042: PNP: PS/2 Controller [PNP0303:PS2K,PNP0f03:PS2M] at 0x60,0x64 irq 1,12
[    0.511638] serio: i8042 KBD port at 0x60,0x64 irq 1
[    0.512701] serio: i8042 AUX port at 0x60,0x64 irq 12
[    0.513942] mousedev: PS/2 mouse device common for all mice
[    0.515691] input: AT Translated Set 2 keyboard as /devices/platform/i8042/serio0/input/input2
[    0.517970] rtc_cmos rtc_cmos: rtc core: registered rtc_cmos as rtc0
[    0.519209] rtc_cmos rtc_cmos: alarms up to one day, 114 bytes nvram
[    0.520800] i2c /dev entries driver
[    0.521733] device-mapper: uevent: version 1.0.3
[    0.523353] device-mapper: ioctl: 4.37.0-ioctl (2017-09-20) initialised: dm-devel@redhat.com
[    0.524674] ledtrig-cpu: registered to indicate activity on CPUs
[    0.527206] NET: Registered protocol family 10
[    0.535972] Segment Routing with IPv6
[    0.537943] NET: Registered protocol family 17
[    0.540962] Key type dns_resolver registered
[    0.542989] RAS: Correctable Errors collector initialized.
[    0.543788] sched_clock: Marking stable (542948380, 0)->(789680330, -246731950)
[    0.545359] registered taskstats version 1
[    0.546118] Loading compiled-in X.509 certificates
[    0.550377] Loaded X.509 cert 'Build time autogenerated kernel key: 1cc14bc8298a06d551159822c55fa35abd77a621'
[    0.555830] zswap: loaded using pool lzo/zbud
[    0.560696] Key type big_key registered
[    0.561413] Key type trusted registered
[    0.564402] Key type encrypted registered
[    0.565462] AppArmor: AppArmor sha1 policy hashing enabled
[    0.566389] ima: No TPM chip found, activating TPM-bypass! (rc=-19)
[    0.567239] ima: Allocated hash algorithm: sha1
[    0.567917] evm: HMAC attrs: 0x1
[    0.568995]   Magic number: 11:57:548
[    0.569966] tty ttyS24: hash matches
[    0.571140] rtc_cmos rtc_cmos: setting system clock to 2019-07-06 20:32:32 UTC (1562445152)
[    0.573914] BIOS EDD facility v0.16 2004-Jun-25, 0 devices found
[    0.575716] EDD information not available.
[    0.664233] Freeing unused kernel image memory: 2408K
[    0.676331] Write protecting the kernel read-only data: 20480k
[    0.682018] Freeing unused kernel image memory: 2008K
[    0.686492] Freeing unused kernel image memory: 1872K
[    0.704868] x86/mm: Checked W+X mappings: passed, no W+X pages found.
[    0.708093] x86/mm: Checking user space page tables
[    0.721461] x86/mm: Checked W+X mappings: passed, no W+X pages found.
Loading, please wait...
starting version 237
[    0.789828] e1000: Intel(R) PRO/1000 Network Driver - version 7.3.21-k8-NAPI
[    0.791147] e1000: Copyright (c) 1999-2006 Intel Corporation.
[    0.793518] Fusion MPT base driver 3.04.20
[    0.794390] Copyright (c) 1999-2008 LSI Corporation
[    0.799312] Fusion MPT SPI Host driver 3.04.20
[    0.806028] AVX2 version of gcm_enc/dec engaged.
[    0.806959] AES CTR mode by8 optimization enabled
[    1.020876] input: ImExPS/2 Generic Explorer Mouse as /devices/platform/i8042/serio1/input/input4
[    1.155770] e1000 0000:00:03.0 eth0: (PCI:33MHz:32-bit) 02:a1:18:c3:c8:11
[    1.157105] e1000 0000:00:03.0 eth0: Intel(R) PRO/1000 Network Connection
[    1.159645] mptbase: ioc0: Initiating bringup
[    1.160784] e1000 0000:00:03.0 enp0s3: renamed from eth0
[    1.288655] ioc0: LSI53C1030 A0: Capabilities={Initiator}
[    2.053482] scsi host2: ioc0: LSI53C1030 A0, FwRev=00000000h, Ports=1, MaxQ=256, IRQ=20
[    2.308665] scsi 2:0:0:0: Direct-Access     VBOX     HARDDISK         1.0  PQ: 0 ANSI: 5
[    2.340241] scsi target2:0:0: Beginning Domain Validation
[    2.344714] scsi target2:0:0: Domain Validation skipping write tests
[    2.347340] scsi target2:0:0: Ending Domain Validation
[    2.354027] scsi target2:0:0: asynchronous
[    2.357241] scsi 2:0:1:0: Direct-Access     VBOX     HARDDISK         1.0  PQ: 0 ANSI: 5
[    2.392194] scsi target2:0:1: Beginning Domain Validation
[    2.400813] random: fast init done
[    2.403011] scsi target2:0:1: Domain Validation skipping write tests
[    2.407194] scsi target2:0:1: Ending Domain Validation
[    2.411051] scsi target2:0:1: asynchronous
[    2.420373] random: systemd-udevd: uninitialized urandom read (16 bytes read)
[    2.422749] random: systemd-udevd: uninitialized urandom read (16 bytes read)
[    2.424815] random: systemd-udevd: uninitialized urandom read (16 bytes read)
[    2.427035] sd 2:0:0:0: Attached scsi generic sg0 type 0
[    2.427423] sd 2:0:0:0: [sda] 20971520 512-byte logical blocks: (10.7 GB/10.0 GiB)
[    2.427498] sd 2:0:0:0: [sda] Write Protect is off
[    2.427620] sd 2:0:0:0: [sda] Incomplete mode parameter data
[    2.427622] sd 2:0:0:0: [sda] Assuming drive cache: write through
[    2.435161] sd 2:0:1:0: Attached scsi generic sg1 type 0
[    2.438465] sd 2:0:1:0: [sdb] 20480 512-byte logical blocks: (10.5 MB/10.0 MiB)
[    2.442557]  sda: sda1
[    2.445248] sd 2:0:1:0: [sdb] Write Protect is off
[    2.445671] sd 2:0:0:0: [sda] Attached SCSI disk
[    2.448288] sd 2:0:1:0: [sdb] Incomplete mode parameter data
[    2.449246] sd 2:0:1:0: [sdb] Assuming drive cache: write through
[    2.473435] sd 2:0:1:0: [sdb] Attached SCSI disk
Begin: Loading essential drivers ... [    3.998162] raid6: sse2x1   gen()  9762 MB/s
[    4.048030] raid6: sse2x1   xor()  6627 MB/s
[    4.098134] raid6: sse2x2   gen() 10841 MB/s
[    4.144313] raid6: sse2x2   xor()  7036 MB/s
[    4.198128] raid6: sse2x4   gen() 13261 MB/s
[    4.248151] raid6: sse2x4   xor()  7326 MB/s
[    4.298032] raid6: avx2x1   gen() 18396 MB/s
[    4.344189] raid6: avx2x1   xor() 15027 MB/s
[    4.400573] raid6: avx2x2   gen() 25477 MB/s
[    4.448068] raid6: avx2x2   xor() 16439 MB/s
[    4.498041] raid6: avx2x4   gen() 30447 MB/s
[    4.548035] raid6: avx2x4   xor() 19905 MB/s
[    4.548987] raid6: using algorithm avx2x4 gen() 30447 MB/s
[    4.551273] raid6: .... xor() 19905 MB/s, rmw enabled
[    4.552618] raid6: using avx2x2 recovery algorithm
[    4.559842] xor: automatically using best checksumming function   avx       
[    4.562747] async_tx: api initialized (async)
done.
Begin: Running /scripts/init-premount ... done.
Begin: Mounting root file system ... Begin: Running /scripts/local-top ... done.
Begin: Running /scripts/local-premount ... [    4.609819] Btrfs loaded, crc32c=crc32c-intel
Scanning for Btrfs filesystems
done.
Warning: fsck not present, so skipping root file system
[    4.656009] EXT4-fs (sda1): mounted filesystem with ordered data mode. Opts: (null)
done.
Begin: Running /scripts/local-bottom ... done.
Begin: Running /scripts/init-bottom ... done.
[    5.307074] ip_tables: (C) 2000-2006 Netfilter Core Team
[    5.353927] systemd[1]: systemd 237 running in system mode. (+PAM +AUDIT +SELINUX +IMA +APPARMOR +SMACK +SYSVINIT +UTMP +LIBCRYPTSETUP +GCRYPT +GNUTLS +ACL +XZ +LZ4 +SECCOMP +BLKID +ELFUTILS +KMOD -IDN2 +IDN -PCRE2 default-hierarchy=hybrid)
[    5.365572] systemd[1]: Detected virtualization oracle.
[    5.368298] systemd[1]: Detected architecture x86-64.

Welcome to [1mUbuntu 18.04.2 LTS[0m!

[    5.426430] systemd[1]: Set hostname to <ubuntu>.
[    5.448189] systemd[1]: Initializing machine ID from random generator.
[    5.451959] systemd[1]: Installed transient /etc/machine-id file.
[    6.312732] systemd[1]: Set up automount Arbitrary Executable File Formats File System Automount Point.
[[0;32m  OK  [0m] Set up automount Arbitrary Executabâ€¦rmats File System Automount Point.
[    6.316462] systemd[1]: Started Forward Password Requests to Wall Directory Watch.
[[0;32m  OK  [0m] Started Forward Password Requests to Wall Directory Watch.
[    6.321711] systemd[1]: Created slice User and Session Slice.
[[0;32m  OK  [0m] Created slice User and Session Slice.
[    6.324391] systemd[1]: Created slice System Slice.
[[0;32m  OK  [0m] Created slice System Slice.
[[0;32m  OK  [0m] Listening on /dev/initctl Compatibility Named Pipe.
[[0;32m  OK  [0m] Listening on udev Control Socket.
[[0;32m  OK  [0m] Listening on Journal Audit Socket.
[[0;32m  OK  [0m] Listening on LVM2 metadata daemon socket.
[[0;32m  OK  [0m] Listening on Journal Socket.
         Starting Load Kernel Modules...
         Starting Set the console keyboard layout...
         Starting Uncomplicated firewall...
[[0;32m  OK  [0m] Created slice system-serial\x2dgetty.slice.
[[0;32m  OK  [0m] Reached target System Time Synchronized.
[    6.468012] random: crng init done
[    6.470577] random: 7 urandom warning(s) missed due to ratelimiting
[[0;32m  OK  [0m] Listening on Journal Socket (/dev/log).
         Mounting Huge Pages File System...
         Mounting POSIX Message Queue File System...
[[0;32m  OK  [0m] Reached target Swap.
[[0;32m  OK  [0m] Listening on udev Kernel Socket.
         Starting udev Coldplug all Devices...
[[0;32m  OK  [0m] Listening on Syslog Socket.
         Starting Journal Service...
[[0;32m  OK  [0m] Listening on LVM2 poll daemon socket.
[    6.499846] Loading iSCSI transport class v2.0-870.
         Starting Remount Root and Kernel File Systems...
         Mounting Kernel Debug File System...
[[0;32m  OK  [0m] Reached target Slices.
[[0;32m  OK  [0m] Reached target User and Group Name Lookups.
         Starting Create list of required stâ€¦ce nodes for the current kernel...
[[0;32m  OK  [0m] Listening on Network Service Netlink Socket.
[[0;32m  OK  [0m] Listening on Device-mapper event daemon FIFOs.
         Starting Monitoring of LVM2 mirrorsâ€¦ng dmeventd or progress polling...
[[0;32m  OK  [0m] Started Uncomplicated firewall.
[[0;32m  OK  [0m] Started udev Coldplug all Devices.
[[0;32m  OK  [0m] Started Journal Service.
[    6.623100] iscsi: registered transport (tcp)
[[0;32m  OK  [0m] Started Create list of required staâ€¦vice nodes for the current kernel.
         Starting Create Static Device Nodes in /dev...
[    7.434947] iscsi: registered transport (iser)
[[0;32m  OK  [0m] Started Load Kernel Modules.
         Starting Apply Kernel Variables...
         Mounting FUSE Control File System...
         Mounting Kernel Configuration File System...
[[0;32m  OK  [0m] Started Create Static Device Nodes in /dev.
[[0;32m  OK  [0m] Started Apply Kernel Variables.
[[0;32m  OK  [0m] Mounted POSIX Message Queue File System.
[[0;32m  OK  [0m] Mounted FUSE Control File System.
[[0;32m  OK  [0m] Mounted Kernel Debug File System.
[[0;32m  OK  [0m] Mounted Huge Pages File System.
[[0;32m  OK  [0m] Mounted Kernel Configuration File System.
[[0;32m  OK  [0m] Started LVM2 metadata daemon.
[[0;32m  OK  [0m] Started Remount Root and Kernel File Systems.
         Starting Load/Save Random Seed...
         Starting Flush Journal to Persistent Storage...
         Starting udev Kernel Device Manager...
[[0;32m  OK  [0m] Started Load/Save Random Seed.
[[0;32m  OK  [0m] Started Monitoring of LVM2 mirrors,â€¦sing dmeventd or progress polling.
[[0;32m  OK  [0m] Started udev Kernel Device Manager.
[[0;32m  OK  [0m] Started Flush Journal to Persistent Storage.
[[0;32m  OK  [0m] Found device /dev/ttyS0.
[[0;32m  OK  [0m] Listening on Load/Save RF Kill Switch Status /dev/rfkill Watch.
[[0;32m  OK  [0m] Started Set the console keyboard layout.
[[0;32m  OK  [0m] Started Dispatch Password Requests to Console Directory Watch.
[[0;32m  OK  [0m] Reached target Local Encrypted Volumes.
[[0;32m  OK  [0m] Reached target Local File Systems (Pre).
[[0;32m  OK  [0m] Reached target Local File Systems.
         Starting Set console font and keymap...
         Starting AppArmor initialization...
         Starting Commit a transient machine-id on disk...
         Starting ebtables ruleset management...
         Starting Tell Plymouth To Write Out Runtime Data...
         Starting Create Volatile Files and Directories...
[[0;32m  OK  [0m] Started Set console font and keymap.
[[0;32m  OK  [0m] Started Tell Plymouth To Write Out Runtime Data.
[[0;32m  OK  [0m] Started Create Volatile Files and Directories.
         Starting Update UTMP about System Boot/Shutdown...
[[0;32m  OK  [0m] Started Update UTMP about System Boot/Shutdown.
[[0;32m  OK  [0m] Started Commit a transient machine-id on disk.
[[0;32m  OK  [0m] Started ebtables ruleset management.
[[0;32m  OK  [0m] Started AppArmor initialization.
         Starting Initial cloud-init job (pre-networking)...
[   12.901932] cloud-init[679]: Cloud-init v. 19.1-1-gbaa47854-0ubuntu1~18.04.1 running 'init-local' at Sat, 06 Jul 2019 20:32:44 +0000. Up 12.26 seconds.
[[0;32m  OK  [0m] Started Initial cloud-init job (pre-networking).
[[0;32m  OK  [0m] Reached target Network (Pre).
         Starting Network Service...
[[0;32m  OK  [0m] Started Network Service.
         Starting Wait for Network to be Configured...
         Starting Network Name Resolution...
[[0;32m  OK  [0m] Started Network Name Resolution.
[[0;32m  OK  [0m] Reached target Host and Network Name Lookups.
[[0;32m  OK  [0m] Reached target Network.
[[0;32m  OK  [0m] Started Wait for Network to be Configured.
         Starting Initial cloud-init job (metadata service crawler)...
[   14.821631] cloud-init[789]: Cloud-init v. 19.1-1-gbaa47854-0ubuntu1~18.04.1 running 'init' at Sat, 06 Jul 2019 20:32:46 +0000. Up 14.68 seconds.
[   14.824224] cloud-init[789]: ci-info: ++++++++++++++++++++++++++++++++++++++Net device info++++++++++++++++++++++++++++++++++++++
[   14.825705] cloud-init[789]: ci-info: +--------+------+----------------------------+---------------+--------+-------------------+
[   14.836206] cloud-init[789]: ci-info: | Device |  Up  |          Address           |      Mask     | Scope  |     Hw-Address    |
[   14.838428] cloud-init[789]: ci-info: +--------+------+----------------------------+---------------+--------+-------------------+
[   14.840022] cloud-init[789]: ci-info: | enp0s3 | True |         10.0.2.15          | 255.255.255.0 | global | 02:a1:18:c3:c8:11 |
[   14.842179] cloud-init[789]: ci-info: | enp0s3 | True | fe80::a1:18ff:fec3:c811/64 |       .       |  link  | 02:a1:18:c3:c8:11 |
[   14.843861] cloud-init[789]: ci-info: |   lo   | True |         127.0.0.1          |   255.0.0.0   |  host  |         .         |
[   14.845624] cloud-init[789]: ci-info: |   lo   | True |          ::1/128           |       .       |  host  |         .         |
[   14.847551] cloud-init[789]: ci-info: +--------+------+----------------------------+---------------+--------+-------------------+
[   14.850305] cloud-init[789]: ci-info: ++++++++++++++++++++++++++++Route IPv4 info+++++++++++++++++++++++++++++
[   14.851785] cloud-init[789]: ci-info: +-------+-------------+----------+-----------------+-----------+-------+
[   14.853281] cloud-init[789]: ci-info: | Route | Destination | Gateway  |     Genmask     | Interface | Flags |
[   14.854754] cloud-init[789]: ci-info: +-------+-------------+----------+-----------------+-----------+-------+
[   14.856212] cloud-init[789]: ci-info: |   0   |   0.0.0.0   | 10.0.2.2 |     0.0.0.0     |   enp0s3  |   UG  |
[   14.857634] cloud-init[789]: ci-info: |   1   |   10.0.2.0  | 0.0.0.0  |  255.255.255.0  |   enp0s3  |   U   |
[   14.859055] cloud-init[789]: ci-info: |   2   |   10.0.2.2  | 0.0.0.0  | 255.255.255.255 |   enp0s3  |   UH  |
[   14.860566] cloud-init[789]: ci-info: +-------+-------------+----------+-----------------+-----------+-------+
[   14.862992] cloud-init[789]: ci-info: +++++++++++++++++++Route IPv6 info+++++++++++++++++++
[   14.864161] cloud-init[789]: ci-info: +-------+-------------+---------+-----------+-------+
[   14.876347] cloud-init[789]: ci-info: | Route | Destination | Gateway | Interface | Flags |
[   14.888290] cloud-init[789]: ci-info: +-------+-------------+---------+-----------+-------+
[   14.900262] cloud-init[789]: ci-info: |   1   |  fe80::/64  |    ::   |   enp0s3  |   U   |
[   14.901252] cloud-init[789]: ci-info: |   3   |    local    |    ::   |   enp0s3  |   U   |
[   14.912222] cloud-init[789]: ci-info: |   4   |   ff00::/8  |    ::   |   enp0s3  |   U   |
[   14.924182] cloud-init[789]: ci-info: +-------+-------------+---------+-----------+-------+
[   16.372812] cloud-init[789]: Generating public/private rsa key pair.
[   16.374493] cloud-init[789]: Your identification has been saved in /etc/ssh/ssh_host_rsa_key.
[   16.375921] cloud-init[789]: Your public key has been saved in /etc/ssh/ssh_host_rsa_key.pub.
[   16.377323] cloud-init[789]: The key fingerprint is:
[   16.378287] cloud-init[789]: SHA256:Y+iLvbyxkAppT1tUquHxn3+5HUfSMIRlItx+pPBkR3A root@ubuntu-bionic
[   16.379821] cloud-init[789]: The key's randomart image is:
[   16.380939] cloud-init[789]: +---[RSA 2048]----+
[   16.381912] cloud-init[789]: |        ...o=E   |
[   16.382882] cloud-init[789]: |         o.==o   |
[   16.383839] cloud-init[789]: |       .  * +o   |
[   16.384860] cloud-init[789]: |      o.   + .+  |
[   16.385752] cloud-init[789]: |   o o. S   .. o |
[   16.386704] cloud-init[789]: | .. *o . .    o  |
[   16.387600] cloud-init[789]: |o. +ooo     .. . |
[   16.388521] cloud-init[789]: |..o.o=.+.  o. o  |
[   16.389400] cloud-init[789]: |  .o. B=......   |
[   16.390269] cloud-init[789]: +----[SHA256]-----+
[   16.391277] cloud-init[789]: Generating public/private dsa key pair.
[   16.392467] cloud-init[789]: Your identification has been saved in /etc/ssh/ssh_host_dsa_key.
[   16.393907] cloud-init[789]: Your public key has been saved in /etc/ssh/ssh_host_dsa_key.pub.
[   16.395312] cloud-init[789]: The key fingerprint is:
[   16.396313] cloud-init[789]: SHA256:rE3dt5+7NnHo92xEwa+IJ864yB0YxuXyLeIVSSKeZRY root@ubuntu-bionic
[   16.397762] cloud-init[789]: The key's randomart image is:
[   16.398823] cloud-init[789]: +---[DSA 1024]----+
[   16.399631] cloud-init[789]: |      E       .  |
[   16.400559] cloud-init[789]: |       .       o |
[   16.401421] cloud-init[789]: |    . = o       o|
[   16.402272] cloud-init[789]: |   . B * o .    o|
[   16.403688] cloud-init[789]: |    o = S .....+ |
[   16.404644] cloud-init[789]: |     . O oo o.ooo|
[   16.405766] cloud-init[789]: |      + *+.o ...o|
[   16.406712] cloud-init[789]: |     o =.oo   .=+|
[   16.407547] cloud-init[789]: |      + o.    .*O|
[   16.408517] cloud-init[789]: +----[SHA256]-----+
[   16.409381] cloud-init[789]: Generating public/private ecdsa key pair.
[   16.410420] cloud-init[789]: Your identification has been saved in /etc/ssh/ssh_host_ecdsa_key.
[   16.411814] cloud-init[789]: Your public key has been saved in /etc/ssh/ssh_host_ecdsa_key.pub.
[   16.413016] cloud-init[789]: The key fingerprint is:
[   16.413921] cloud-init[789]: SHA256:fBBe5/TH1jTJGv/SA0DHrMfEaSL662y75+OCmtFEGX4 root@ubuntu-bionic
[   16.415286] cloud-init[789]: The key's randomart image is:
[   16.416313] cloud-init[789]: +---[ECDSA 256]---+
[   16.417068] cloud-init[789]: |       .. o.*.o.o|
[   16.417991] cloud-init[789]: |      ..o+ *.X =o|
[   16.418913] cloud-init[789]: |       ++E. O = =|
[   16.419786] cloud-init[789]: |      .o.. . = + |
[   16.420739] cloud-init[789]: |       .S . . ...|
[   16.421661] cloud-init[789]: |      o  o    ..o|
[   16.422550] cloud-init[789]: |     . .. .    ..|
[[   16.446921] cloud-init[789]: |      o..+ o     |
[0;32m  OK  [0m] Started Initial cloud-init job (metadata service crawler).
[[0;32m  OK  [0m] Reached target Network is Online.[   16.452413] cloud-init[789]: |     o. o=Bo.    |
[   16.454004] cloud-init[789]: +----[SHA256]-----+
[   16.455471] cloud-init[789]: Generating public/private ed25519 key pair.
[   16.457105] cloud-init[789]: Your identification has been saved in /etc/ssh/ssh_host_ed25519_key.
[   16.459108] cloud-init[789]: Your public key has been saved in /etc/ssh/ssh_host_ed25519_key.pub.

[   16.461338]          Starting Availability of block devices...
[[0;32m  OK  [0m] Reached target Remote File Systems (Pre).
[[0;32m  OK  [0m] Reached target Remote File Systems.
[[0;32m  OK  [0m] Reached target Cloud-config availability.
[[0;32m  OK  [0m] Reached target System Initialization.
cloud-init[789]: The key fingerprint is:
[[0;32m  OK  [0m] Listening on ACPID Listen Socket.
         Starting Socket activation for snappy daemon.
[   16.471795] cloud-init[789]: SHA256:XxFocXKfQ4BAIO1lzXO16Tj1yVURsncVbm8sf7I+i3M root@ubuntu-bionic
[   16.473442] cloud-init[789]: The key's randomart image is:
[   16.476244] cloud-init[789]: +--[ED25519 256]--+
[   16.477073] cloud-init[789]: |    ...oo+o+=+o+*|
[   16.477913] cloud-init[789]: |     .. o B+.+++o|
[   16.479322] cloud-init[789]: |     . o . o..B+o|
[   16.480233] cloud-init[789]: |      .      =++=|
[   16.481089] cloud-init[789]: |        S   + oo=|
[   16.481931] cloud-init[789]: |         . . . + |
[   16.482788] cloud-init[789]: |          .   . o|
[   16.483621] cloud-init[789]: |            ..Eo.|
[   16.484574] cloud-init[789]: |            .++o |
[   16.485314] cloud-init[789]: +----[SHA256]-----+
         Starting LXD - unix socket.
[[0;32m  OK  [0m] Started Message of the Day.
[[0;32m  OK  [0m] Started Discard unused blocks once a week.
[[0;32m  OK  [0m] Started Daily Cleanup of Temporary Directories.
[[0;32m  OK  [0m] Listening on Open-iSCSI iscsid Socket.
[[0;32m  OK  [0m] Listening on D-Bus System Message Bus Socket.
[[0;32m  OK  [0m] Listening on UUID daemon activation socket.
[[0;32m  OK  [0m] Started Daily apt download activities.
[[0;32m  OK  [0m] Started Daily apt upgrade and clean activities.
[[0;32m  OK  [0m] Reached target Timers.
[[0;32m  OK  [0m] Started ACPI Events Check.
[[0;32m  OK  [0m] Reached target Paths.
[[0;32m  OK  [0m] Started Availability of block devices.
[[0;32m  OK  [0m] Listening on Socket activation for snappy daemon.
[[0;32m  OK  [0m] Listening on LXD - unix socket.
[[0;32m  OK  [0m] Reached target Sockets.
[[0;32m  OK  [0m] Reached target Basic System.
         Starting Snappy daemon...
[[0;32m  OK  [0m] Started Regular background program processing daemon.
         Starting Pollinate to seed the pseudo random number generator...
[[0;32m  OK  [0m] Started FUSE filesystem for LXC.
         Starting System Logging Service...
         Starting Permit User Sessions...
         Starting Accounts Service...
         Starting LSB: Record successful boot for GRUB...
         Starting LXD - container startup/shutdown...
[[0;32m  OK  [0m] Started D-Bus System Message Bus.
[[0;32m  OK  [0m] Started Deferred execution scheduler.
         Starting LSB: automatic crash report generation...
         Starting Dispatcher daemon for systemd-networkd...
[[0;32m  OK  [0m] Started irqbalance daemon.
         Starting Virtualbox guest utils...
         Starting Login Service...
[[0;32m  OK  [0m] Started System Logging Service.
[[0;32m  OK  [0m] Started Permit User Sessions.
         Starting Hold until boot process finishes up...
         Starting Terminate Plymouth Boot Screen...
[[0;32m  OK  [0m] Started Hold until boot process finishes up.
         Starting Set console scheme...
[[0;32m  OK  [0m] Started Serial Getty on ttyS0.
[[0;32m  OK  [0m] Started Terminate Plymouth Boot Screen.
[[0;32m  OK  [0m] Started Set console scheme.
[[0;32m  OK  [0m] Started Login Service.
[[0;32m  OK  [0m] Started Unattended Upgrades Shutdown.
[[0;32m  OK  [0m] Created slice system-getty.slice.
[[0;32m  OK  [0m] Started Getty on tty1.
[[0;32m  OK  [0m] Reached target Login Prompts.
         Starting Authorization Manager...
[[0;32m  OK  [0m] Started LSB: Record successful boot for GRUB.
[[0;32m  OK  [0m] Started LSB: automatic crash report generation.
[[0;32m  OK  [0m] Started Virtualbox guest utils.
[[0;32m  OK  [0m] Started Authorization Manager.
[[0;32m  OK  [0m] Started Accounts Service.
[[0;32m  OK  [0m] Started Dispatcher daemon for systemd-networkd.
[[0;32m  OK  [0m] Started LXD - container startup/shutdown.
[[0;32m  OK  [0m] Started Snappy daemon.
         Starting Wait until snapd is fully seeded...
[[0;32m  OK  [0m] Started Pollinate to seed the pseudo random number generator.
         Starting OpenBSD Secure Shell server...
[[0;32m  OK  [0m] Started OpenBSD Secure Shell server.
[[0;32m  OK  [0m] Created slice User Slice of vagrant.
         Starting User Manager for UID 1000...
[[0;32m  OK  [0m] Started Session 1 of user vagrant.
[[0;32m  OK  [0m] Started User Manager for UID 1000.

Ubuntu 18.04.2 LTS ubuntu-bionic ttyS0

ubuntu-bionic login: [   27.636807] cloud-init[1537]: Cloud-init v. 19.1-1-gbaa47854-0ubuntu1~18.04.1 running 'modules:config' at Sat, 06 Jul 2019 20:32:58 +0000. Up 26.60 seconds.
ci-info: no authorized ssh keys fingerprints found for user ubuntu.
<14>Jul  6 20:33:00 ec2: 
<14>Jul  6 20:33:00 ec2: #############################################################
<14>Jul  6 20:33:00 ec2: -----BEGIN SSH HOST KEY FINGERPRINTS-----
<14>Jul  6 20:33:00 ec2: 1024 SHA256:rE3dt5+7NnHo92xEwa+IJ864yB0YxuXyLeIVSSKeZRY root@ubuntu-bionic (DSA)
<14>Jul  6 20:33:00 ec2: 256 SHA256:fBBe5/TH1jTJGv/SA0DHrMfEaSL662y75+OCmtFEGX4 root@ubuntu-bionic (ECDSA)
<14>Jul  6 20:33:00 ec2: 256 SHA256:XxFocXKfQ4BAIO1lzXO16Tj1yVURsncVbm8sf7I+i3M root@ubuntu-bionic (ED25519)
<14>Jul  6 20:33:00 ec2: 2048 SHA256:Y+iLvbyxkAppT1tUquHxn3+5HUfSMIRlItx+pPBkR3A root@ubuntu-bionic (RSA)
<14>Jul  6 20:33:00 ec2: -----END SSH HOST KEY FINGERPRINTS-----
<14>Jul  6 20:33:00 ec2: #############################################################
-----BEGIN SSH HOST KEY KEYS-----
ecdsa-sha2-nistp256 AAAAE2VjZHNhLXNoYTItbmlzdHAyNTYAAAAIbmlzdHAyNTYAAABBBDFRy/1SeB7cbDoWw9kI4VKwUT3kN3zpvDegZYR2VP3CNw4zKvJ5Bwzf4nDMCp4KzLFvq7q8jhFm7Qu3O2NhIhA= root@ubuntu-bionic
ssh-ed25519 AAAAC3NzaC1lZDI1NTE5AAAAIJJZ4Qh9/NPx8e14o4otnG2CZCjd6IrjyLR/cB62jTvX root@ubuntu-bionic
ssh-rsa AAAAB3NzaC1yc2EAAAADAQABAAABAQDAflNznVtc0gmUtzrojRX9C/3bO6/0tkY7L7dgN1tvoDDDYravQM1dzUhsdO79aYNE7ySAlCLaCcKT99F5FTjyZL0SZgkym2nF4uB6G7JtsmjFwm4jmfHto1QVGDrT18VmONFXDiuEpoOYq5tm+e5lTJQE/+6SRa1jD8FRFbhvyxzxR80zY+EB+SbJl2Hnu/IQHg77Zyi2+JG9qceWLT1VyB49/TtdqyCanEJziJC+twah0OgxsFqEpA56k1SBvH14OIkL8hoKJFk7ZziPzmQeqdcY16TyK0+WckoXpTh8S16qqn1o4JNIFX02piVIq3rAbfaDKdI5bXe06D0OZtSh root@ubuntu-bionic
-----END SSH HOST KEY KEYS-----
[   28.388015] cloud-init[1651]: Cloud-init v. 19.1-1-gbaa47854-0ubuntu1~18.04.1 running 'modules:final' at Sat, 06 Jul 2019 20:33:00 +0000. Up 28.11 seconds.
[   28.388512] cloud-init[1651]: ci-info: no authorized ssh keys fingerprints found for user ubuntu.
[   28.388578] cloud-init[1651]: Cloud-init v. 19.1-1-gbaa47854-0ubuntu1~18.04.1 finished at Sat, 06 Jul 2019 20:33:00 +0000. Datasource DataSourceNoCloud [seed=/dev/sdb][dsmode=net].  Up 28.37 seconds
